// Vitest Snapshot v1, https://vitest.dev/guide/snapshot.html

exports[`leetcode command > execute > should reply with an embed when a problem is found 1`] = `
{
  "embeds": [
    {
      "color": 5763719,
      "fields": [
        {
          "inline": true,
          "name": "Acceptance Rate",
          "value": "50.00%",
        },
        {
          "inline": true,
          "name": "Paid Only",
          "value": "‚ùå No",
        },
        {
          "name": "Topics",
          "value": "Array, Hash Table",
        },
      ],
      "footer": {
        "icon_url": "https://assets.leetcode.com/static_assets/public/icons/favicon-160x160.png",
        "text": "Powered by LeetCode",
      },
      "timestamp": "2022-01-15T17:15:20.066Z",
      "title": "Two Sum",
      "url": "https://leetcode.com/problems/two-sum",
    },
  ],
}
`;
