// Vitest Snapshot v1, https://vitest.dev/guide/snapshot.html

exports[`waifu command > should reply to user correctly with url = 'https://cdn.waifu.mock/img1234567890.â€¦', category = '', title = 'Untitled Waifu' 1`] = `
{
  "embeds": [
    {
      "color": 15277667,
      "description": "_Category: _",
      "footer": {
        "icon_url": undefined,
        "text": "Powered by waifu.pics",
      },
      "image": {
        "url": "https://cdn.waifu.mock/img1234567890.png",
      },
      "timestamp": "2022-01-15T17:15:20.066Z",
      "title": "Untitled Waifu",
    },
  ],
}
`;

exports[`waifu command > should reply to user correctly with url = 'https://mock.waifu', category = 'waifu', title = 'i love you, Truyen' 1`] = `
{
  "embeds": [
    {
      "color": 15277667,
      "description": "_Category: waifu_",
      "footer": {
        "icon_url": undefined,
        "text": "Powered by waifu.pics",
      },
      "image": {
        "url": "https://mock.waifu",
      },
      "timestamp": "2022-01-15T17:15:20.066Z",
      "title": "i love you, Truyen",
    },
  ],
}
`;

exports[`waifu command > should reply to user correctly with url = 'https://waifu.mock', category = 'hehe', title = 'oidoioi' 1`] = `
{
  "embeds": [
    {
      "color": 15277667,
      "description": "_Category: hehe_",
      "footer": {
        "icon_url": undefined,
        "text": "Powered by waifu.pics",
      },
      "image": {
        "url": "https://waifu.mock",
      },
      "timestamp": "2022-01-15T17:15:20.066Z",
      "title": "oidoioi",
    },
  ],
}
`;

exports[`waifu command > should reply to user correctly with url = 'https://waifu.mock/nekos', category = 'nekos', title = 'Classic Neko Style' 1`] = `
{
  "embeds": [
    {
      "color": 15277667,
      "description": "_Category: nekos_",
      "footer": {
        "icon_url": undefined,
        "text": "Powered by waifu.pics",
      },
      "image": {
        "url": "https://waifu.mock/nekos",
      },
      "timestamp": "2022-01-15T17:15:20.066Z",
      "title": "Classic Neko Style",
    },
  ],
}
`;
